------------------------------------------------------------
Timing Analyzer Summary
------------------------------------------------------------

Type  : Slow 1100mV 85C Model Setup 'iCLK'
Slack : -4.621
TNS   : -233.940

Type  : Slow 1100mV 85C Model Hold 'iCLK'
Slack : 1.009
TNS   : 0.000

Type  : Slow 1100mV 85C Model Minimum Pulse Width 'iCLK'
Slack : -0.394
TNS   : -34.315

Type  : Slow 1100mV 0C Model Setup 'iCLK'
Slack : -4.691
TNS   : -235.675

Type  : Slow 1100mV 0C Model Hold 'iCLK'
Slack : 0.995
TNS   : 0.000

Type  : Slow 1100mV 0C Model Minimum Pulse Width 'iCLK'
Slack : -0.394
TNS   : -37.134

Type  : Fast 1100mV 85C Model Setup 'iCLK'
Slack : -2.372
TNS   : -112.728

Type  : Fast 1100mV 85C Model Hold 'iCLK'
Slack : 0.560
TNS   : 0.000

Type  : Fast 1100mV 85C Model Minimum Pulse Width 'iCLK'
Slack : -0.083
TNS   : -4.862

Type  : Fast 1100mV 0C Model Setup 'iCLK'
Slack : -2.188
TNS   : -101.189

Type  : Fast 1100mV 0C Model Hold 'iCLK'
Slack : 0.520
TNS   : 0.000

Type  : Fast 1100mV 0C Model Minimum Pulse Width 'iCLK'
Slack : -0.083
TNS   : -5.021

------------------------------------------------------------
